<?xml version="1.0" encoding="UTF-8"?>
<testsuites name="jest tests" tests="5" failures="0" time="2.848">
  <testsuite name="Hackermaps" errors="0" failures="0" skipped="0" timestamp="2022-03-07T11:45:25" time="2.119" tests="5">
    <testcase classname="Hackermaps Should render all the locations in the list" name="Hackermaps Should render all the locations in the list" time="0.035">
    </testcase>
    <testcase classname="Hackermaps Should have correct buttons for each location" name="Hackermaps Should have correct buttons for each location" time="0.019">
    </testcase>
    <testcase classname="Hackermaps Should move the location down on clicking the down button" name="Hackermaps Should move the location down on clicking the down button" time="0.023">
    </testcase>
    <testcase classname="Hackermaps Should move the location up on clicking the up button" name="Hackermaps Should move the location up on clicking the up button" time="0.019">
    </testcase>
    <testcase classname="Hackermaps Should be in correct state after a series of actions" name="Hackermaps Should be in correct state after a series of actions" time="0.021">
    </testcase>
  </testsuite>
</testsuites>